6661
6662
6663
66664
566
6666
7666
8666
9666
10666
11666
12666
13.166666
14.16666
15.6666
16.6666
17
